// Jest Snapshot v1, https://goo.gl/fbAQLP

exports[`Puebas en <PrimeraApp/> Debe de mostrar un mensaje 1`] = `
<Fragment>
  <h1>
    Buenas tardes
  </h1>
  <p>
    Mi primera app
  </p>
</Fragment>
`;
